------------------------------------------------------------
TimeQuest Timing Analyzer Summary
------------------------------------------------------------

Type  : Slow 1100mV 85C Model Setup 'SW[8]'
Slack : -87.410
TNS   : -25791.583

Type  : Slow 1100mV 85C Model Setup 'lpm_dff1:inst1|lpm_ff:lpm_ff_component|dffs[0]'
Slack : -21.561
TNS   : -1192.885

Type  : Slow 1100mV 85C Model Setup 'CLOCK_50'
Slack : -9.487
TNS   : -9288.106

Type  : Slow 1100mV 85C Model Setup 'dec_keyboard:inst11|f3'
Slack : -9.420
TNS   : -86.387

Type  : Slow 1100mV 85C Model Setup 'PS2_CLK'
Slack : -5.144
TNS   : -40.148

Type  : Slow 1100mV 85C Model Setup 'clk_div:inst25|clock_100hz_int'
Slack : -1.424
TNS   : -6.236

Type  : Slow 1100mV 85C Model Setup 'clk_div:inst25|clock_10Hz_int'
Slack : -1.350
TNS   : -5.924

Type  : Slow 1100mV 85C Model Setup 'clk_div:inst25|clock_1Mhz_int'
Slack : -1.306
TNS   : -8.483

Type  : Slow 1100mV 85C Model Setup 'clk_div:inst25|clock_10Khz_int'
Slack : -1.283
TNS   : -4.619

Type  : Slow 1100mV 85C Model Setup 'clk_div:inst25|clock_100Khz_int'
Slack : -1.223
TNS   : -5.116

Type  : Slow 1100mV 85C Model Setup 'clk_div:inst25|clock_1KHz'
Slack : -1.186
TNS   : -3.432

Type  : Slow 1100mV 85C Model Setup 'clk_div:inst25|clock_1Khz_int'
Slack : -1.174
TNS   : -5.164

Type  : Slow 1100mV 85C Model Setup 'clk_div:inst25|clock_100KHz'
Slack : -0.593
TNS   : -2.486

Type  : Slow 1100mV 85C Model Hold 'SW[8]'
Slack : -5.348
TNS   : -280.523

Type  : Slow 1100mV 85C Model Hold 'lpm_dff1:inst1|lpm_ff:lpm_ff_component|dffs[0]'
Slack : -3.629
TNS   : -37.801

Type  : Slow 1100mV 85C Model Hold 'CLOCK_50'
Slack : -2.190
TNS   : -362.802

Type  : Slow 1100mV 85C Model Hold 'PS2_CLK'
Slack : -1.685
TNS   : -1.685

Type  : Slow 1100mV 85C Model Hold 'clk_div:inst25|clock_10Khz_int'
Slack : -0.733
TNS   : -0.733

Type  : Slow 1100mV 85C Model Hold 'clk_div:inst25|clock_1Mhz_int'
Slack : -0.733
TNS   : -0.733

Type  : Slow 1100mV 85C Model Hold 'clk_div:inst25|clock_100Khz_int'
Slack : -0.568
TNS   : -0.568

Type  : Slow 1100mV 85C Model Hold 'clk_div:inst25|clock_100hz_int'
Slack : -0.508
TNS   : -0.508

Type  : Slow 1100mV 85C Model Hold 'clk_div:inst25|clock_1Khz_int'
Slack : -0.434
TNS   : -0.434

Type  : Slow 1100mV 85C Model Hold 'clk_div:inst25|clock_1KHz'
Slack : 0.173
TNS   : 0.000

Type  : Slow 1100mV 85C Model Hold 'clk_div:inst25|clock_100KHz'
Slack : 0.265
TNS   : 0.000

Type  : Slow 1100mV 85C Model Hold 'dec_keyboard:inst11|f3'
Slack : 0.405
TNS   : 0.000

Type  : Slow 1100mV 85C Model Hold 'clk_div:inst25|clock_10Hz_int'
Slack : 0.649
TNS   : 0.000

Type  : Slow 1100mV 85C Model Recovery 'keyboard:inst14|ready_set'
Slack : -0.568
TNS   : -0.568

Type  : Slow 1100mV 85C Model Recovery 'keyboard:inst14|scan_ready'
Slack : -0.300
TNS   : -0.300

Type  : Slow 1100mV 85C Model Removal 'keyboard:inst14|scan_ready'
Slack : -0.282
TNS   : -0.282

Type  : Slow 1100mV 85C Model Removal 'keyboard:inst14|ready_set'
Slack : -0.216
TNS   : -0.216

Type  : Slow 1100mV 85C Model Minimum Pulse Width 'CLOCK_50'
Slack : -2.636
TNS   : -7141.438

Type  : Slow 1100mV 85C Model Minimum Pulse Width 'SW[8]'
Slack : -0.870
TNS   : -1030.629

Type  : Slow 1100mV 85C Model Minimum Pulse Width 'PS2_CLK'
Slack : -0.579
TNS   : -21.720

Type  : Slow 1100mV 85C Model Minimum Pulse Width 'lpm_dff1:inst1|lpm_ff:lpm_ff_component|dffs[0]'
Slack : -0.559
TNS   : -130.195

Type  : Slow 1100mV 85C Model Minimum Pulse Width 'dec_keyboard:inst11|f3'
Slack : -0.538
TNS   : -9.866

Type  : Slow 1100mV 85C Model Minimum Pulse Width 'clk_div:inst25|clock_1Mhz_int'
Slack : -0.538
TNS   : -6.049

Type  : Slow 1100mV 85C Model Minimum Pulse Width 'clk_div:inst25|clock_100KHz'
Slack : -0.538
TNS   : -4.613

Type  : Slow 1100mV 85C Model Minimum Pulse Width 'clk_div:inst25|clock_100hz_int'
Slack : -0.538
TNS   : -3.992

Type  : Slow 1100mV 85C Model Minimum Pulse Width 'clk_div:inst25|clock_100Khz_int'
Slack : -0.538
TNS   : -3.849

Type  : Slow 1100mV 85C Model Minimum Pulse Width 'clk_div:inst25|clock_1Khz_int'
Slack : -0.538
TNS   : -3.846

Type  : Slow 1100mV 85C Model Minimum Pulse Width 'clk_div:inst25|clock_10Hz_int'
Slack : -0.538
TNS   : -3.844

Type  : Slow 1100mV 85C Model Minimum Pulse Width 'clk_div:inst25|clock_10Khz_int'
Slack : -0.538
TNS   : -3.214

Type  : Slow 1100mV 85C Model Minimum Pulse Width 'clk_div:inst25|clock_1KHz'
Slack : -0.538
TNS   : -2.362

Type  : Slow 1100mV 85C Model Minimum Pulse Width 'keyboard:inst14|scan_ready'
Slack : -0.538
TNS   : -0.903

Type  : Slow 1100mV 85C Model Minimum Pulse Width 'keyboard:inst14|ready_set'
Slack : -0.538
TNS   : -0.789

Type  : Slow 1100mV 0C Model Setup 'SW[8]'
Slack : -91.813
TNS   : -26376.652

Type  : Slow 1100mV 0C Model Setup 'lpm_dff1:inst1|lpm_ff:lpm_ff_component|dffs[0]'
Slack : -22.058
TNS   : -1206.193

Type  : Slow 1100mV 0C Model Setup 'dec_keyboard:inst11|f3'
Slack : -9.595
TNS   : -86.891

Type  : Slow 1100mV 0C Model Setup 'CLOCK_50'
Slack : -9.249
TNS   : -8967.532

Type  : Slow 1100mV 0C Model Setup 'PS2_CLK'
Slack : -5.253
TNS   : -38.866

Type  : Slow 1100mV 0C Model Setup 'clk_div:inst25|clock_10Hz_int'
Slack : -1.417
TNS   : -6.187

Type  : Slow 1100mV 0C Model Setup 'clk_div:inst25|clock_100hz_int'
Slack : -1.384
TNS   : -6.445

Type  : Slow 1100mV 0C Model Setup 'clk_div:inst25|clock_1Mhz_int'
Slack : -1.380
TNS   : -8.852

Type  : Slow 1100mV 0C Model Setup 'clk_div:inst25|clock_10Khz_int'
Slack : -1.370
TNS   : -4.870

Type  : Slow 1100mV 0C Model Setup 'clk_div:inst25|clock_100Khz_int'
Slack : -1.281
TNS   : -5.273

Type  : Slow 1100mV 0C Model Setup 'clk_div:inst25|clock_1Khz_int'
Slack : -1.238
TNS   : -5.348

Type  : Slow 1100mV 0C Model Setup 'clk_div:inst25|clock_1KHz'
Slack : -1.108
TNS   : -3.090

Type  : Slow 1100mV 0C Model Setup 'clk_div:inst25|clock_100KHz'
Slack : -0.641
TNS   : -2.537

Type  : Slow 1100mV 0C Model Hold 'SW[8]'
Slack : -5.342
TNS   : -286.773

Type  : Slow 1100mV 0C Model Hold 'lpm_dff1:inst1|lpm_ff:lpm_ff_component|dffs[0]'
Slack : -3.663
TNS   : -36.705

Type  : Slow 1100mV 0C Model Hold 'CLOCK_50'
Slack : -2.285
TNS   : -543.738

Type  : Slow 1100mV 0C Model Hold 'PS2_CLK'
Slack : -1.713
TNS   : -1.713

Type  : Slow 1100mV 0C Model Hold 'clk_div:inst25|clock_1Mhz_int'
Slack : -0.654
TNS   : -0.654

Type  : Slow 1100mV 0C Model Hold 'clk_div:inst25|clock_10Khz_int'
Slack : -0.602
TNS   : -0.602

Type  : Slow 1100mV 0C Model Hold 'clk_div:inst25|clock_100Khz_int'
Slack : -0.514
TNS   : -0.514

Type  : Slow 1100mV 0C Model Hold 'clk_div:inst25|clock_100hz_int'
Slack : -0.346
TNS   : -0.346

Type  : Slow 1100mV 0C Model Hold 'clk_div:inst25|clock_1Khz_int'
Slack : -0.339
TNS   : -0.339

Type  : Slow 1100mV 0C Model Hold 'clk_div:inst25|clock_1KHz'
Slack : 0.158
TNS   : 0.000

Type  : Slow 1100mV 0C Model Hold 'clk_div:inst25|clock_100KHz'
Slack : 0.241
TNS   : 0.000

Type  : Slow 1100mV 0C Model Hold 'dec_keyboard:inst11|f3'
Slack : 0.377
TNS   : 0.000

Type  : Slow 1100mV 0C Model Hold 'clk_div:inst25|clock_10Hz_int'
Slack : 0.613
TNS   : 0.000

Type  : Slow 1100mV 0C Model Recovery 'keyboard:inst14|ready_set'
Slack : -0.593
TNS   : -0.593

Type  : Slow 1100mV 0C Model Recovery 'keyboard:inst14|scan_ready'
Slack : -0.286
TNS   : -0.286

Type  : Slow 1100mV 0C Model Removal 'keyboard:inst14|scan_ready'
Slack : -0.271
TNS   : -0.271

Type  : Slow 1100mV 0C Model Removal 'keyboard:inst14|ready_set'
Slack : -0.229
TNS   : -0.229

Type  : Slow 1100mV 0C Model Minimum Pulse Width 'CLOCK_50'
Slack : -2.636
TNS   : -7138.985

Type  : Slow 1100mV 0C Model Minimum Pulse Width 'SW[8]'
Slack : -0.802
TNS   : -979.771

Type  : Slow 1100mV 0C Model Minimum Pulse Width 'PS2_CLK'
Slack : -0.590
TNS   : -19.603

Type  : Slow 1100mV 0C Model Minimum Pulse Width 'lpm_dff1:inst1|lpm_ff:lpm_ff_component|dffs[0]'
Slack : -0.577
TNS   : -128.816

Type  : Slow 1100mV 0C Model Minimum Pulse Width 'dec_keyboard:inst11|f3'
Slack : -0.538
TNS   : -9.512

Type  : Slow 1100mV 0C Model Minimum Pulse Width 'clk_div:inst25|clock_1Mhz_int'
Slack : -0.538
TNS   : -5.889

Type  : Slow 1100mV 0C Model Minimum Pulse Width 'clk_div:inst25|clock_100KHz'
Slack : -0.538
TNS   : -4.624

Type  : Slow 1100mV 0C Model Minimum Pulse Width 'clk_div:inst25|clock_100hz_int'
Slack : -0.538
TNS   : -3.954

Type  : Slow 1100mV 0C Model Minimum Pulse Width 'clk_div:inst25|clock_100Khz_int'
Slack : -0.538
TNS   : -3.867

Type  : Slow 1100mV 0C Model Minimum Pulse Width 'clk_div:inst25|clock_10Hz_int'
Slack : -0.538
TNS   : -3.867

Type  : Slow 1100mV 0C Model Minimum Pulse Width 'clk_div:inst25|clock_1Khz_int'
Slack : -0.538
TNS   : -3.864

Type  : Slow 1100mV 0C Model Minimum Pulse Width 'clk_div:inst25|clock_10Khz_int'
Slack : -0.538
TNS   : -3.184

Type  : Slow 1100mV 0C Model Minimum Pulse Width 'clk_div:inst25|clock_1KHz'
Slack : -0.538
TNS   : -2.330

Type  : Slow 1100mV 0C Model Minimum Pulse Width 'keyboard:inst14|scan_ready'
Slack : -0.538
TNS   : -0.897

Type  : Slow 1100mV 0C Model Minimum Pulse Width 'keyboard:inst14|ready_set'
Slack : -0.538
TNS   : -0.780

Type  : Fast 1100mV 85C Model Setup 'SW[8]'
Slack : -41.105
TNS   : -12802.804

Type  : Fast 1100mV 85C Model Setup 'lpm_dff1:inst1|lpm_ff:lpm_ff_component|dffs[0]'
Slack : -9.386
TNS   : -500.979

Type  : Fast 1100mV 85C Model Setup 'CLOCK_50'
Slack : -4.647
TNS   : -4309.471

Type  : Fast 1100mV 85C Model Setup 'dec_keyboard:inst11|f3'
Slack : -4.186
TNS   : -38.451

Type  : Fast 1100mV 85C Model Setup 'PS2_CLK'
Slack : -2.154
TNS   : -9.058

Type  : Fast 1100mV 85C Model Setup 'clk_div:inst25|clock_100hz_int'
Slack : -0.365
TNS   : -1.404

Type  : Fast 1100mV 85C Model Setup 'clk_div:inst25|clock_1KHz'
Slack : -0.355
TNS   : -0.761

Type  : Fast 1100mV 85C Model Setup 'clk_div:inst25|clock_10Hz_int'
Slack : -0.350
TNS   : -1.341

Type  : Fast 1100mV 85C Model Setup 'clk_div:inst25|clock_1Mhz_int'
Slack : -0.294
TNS   : -1.776

Type  : Fast 1100mV 85C Model Setup 'clk_div:inst25|clock_10Khz_int'
Slack : -0.274
TNS   : -0.965

Type  : Fast 1100mV 85C Model Setup 'clk_div:inst25|clock_100Khz_int'
Slack : -0.260
TNS   : -0.991

Type  : Fast 1100mV 85C Model Setup 'clk_div:inst25|clock_1Khz_int'
Slack : -0.245
TNS   : -0.962

Type  : Fast 1100mV 85C Model Setup 'clk_div:inst25|clock_100KHz'
Slack : -0.032
TNS   : -0.032

Type  : Fast 1100mV 85C Model Hold 'SW[8]'
Slack : -2.744
TNS   : -149.358

Type  : Fast 1100mV 85C Model Hold 'lpm_dff1:inst1|lpm_ff:lpm_ff_component|dffs[0]'
Slack : -2.103
TNS   : -21.195

Type  : Fast 1100mV 85C Model Hold 'CLOCK_50'
Slack : -1.323
TNS   : -310.171

Type  : Fast 1100mV 85C Model Hold 'PS2_CLK'
Slack : -0.789
TNS   : -0.789

Type  : Fast 1100mV 85C Model Hold 'clk_div:inst25|clock_10Khz_int'
Slack : -0.530
TNS   : -0.530

Type  : Fast 1100mV 85C Model Hold 'clk_div:inst25|clock_1Mhz_int'
Slack : -0.517
TNS   : -0.517

Type  : Fast 1100mV 85C Model Hold 'clk_div:inst25|clock_100Khz_int'
Slack : -0.456
TNS   : -0.456

Type  : Fast 1100mV 85C Model Hold 'clk_div:inst25|clock_100hz_int'
Slack : -0.451
TNS   : -0.451

Type  : Fast 1100mV 85C Model Hold 'clk_div:inst25|clock_1Khz_int'
Slack : -0.428
TNS   : -0.428

Type  : Fast 1100mV 85C Model Hold 'clk_div:inst25|clock_1KHz'
Slack : -0.018
TNS   : -0.037

Type  : Fast 1100mV 85C Model Hold 'clk_div:inst25|clock_100KHz'
Slack : 0.078
TNS   : 0.000

Type  : Fast 1100mV 85C Model Hold 'dec_keyboard:inst11|f3'
Slack : 0.122
TNS   : 0.000

Type  : Fast 1100mV 85C Model Hold 'clk_div:inst25|clock_10Hz_int'
Slack : 0.262
TNS   : 0.000

Type  : Fast 1100mV 85C Model Recovery 'keyboard:inst14|ready_set'
Slack : -0.378
TNS   : -0.378

Type  : Fast 1100mV 85C Model Recovery 'keyboard:inst14|scan_ready'
Slack : 0.246
TNS   : 0.000

Type  : Fast 1100mV 85C Model Removal 'keyboard:inst14|scan_ready'
Slack : -0.464
TNS   : -0.464

Type  : Fast 1100mV 85C Model Removal 'keyboard:inst14|ready_set'
Slack : -0.310
TNS   : -0.310

Type  : Fast 1100mV 85C Model Minimum Pulse Width 'CLOCK_50'
Slack : -2.174
TNS   : -5855.565

Type  : Fast 1100mV 85C Model Minimum Pulse Width 'SW[8]'
Slack : -0.917
TNS   : -1040.206

Type  : Fast 1100mV 85C Model Minimum Pulse Width 'PS2_CLK'
Slack : -0.660
TNS   : -15.752

Type  : Fast 1100mV 85C Model Minimum Pulse Width 'lpm_dff1:inst1|lpm_ff:lpm_ff_component|dffs[0]'
Slack : -0.157
TNS   : -0.319

Type  : Fast 1100mV 85C Model Minimum Pulse Width 'dec_keyboard:inst11|f3'
Slack : -0.135
TNS   : -1.042

Type  : Fast 1100mV 85C Model Minimum Pulse Width 'keyboard:inst14|scan_ready'
Slack : -0.045
TNS   : -0.045

Type  : Fast 1100mV 85C Model Minimum Pulse Width 'clk_div:inst25|clock_1Mhz_int'
Slack : 0.016
TNS   : 0.000

Type  : Fast 1100mV 85C Model Minimum Pulse Width 'clk_div:inst25|clock_1KHz'
Slack : 0.091
TNS   : 0.000

Type  : Fast 1100mV 85C Model Minimum Pulse Width 'clk_div:inst25|clock_10Khz_int'
Slack : 0.113
TNS   : 0.000

Type  : Fast 1100mV 85C Model Minimum Pulse Width 'keyboard:inst14|ready_set'
Slack : 0.127
TNS   : 0.000

Type  : Fast 1100mV 85C Model Minimum Pulse Width 'clk_div:inst25|clock_100hz_int'
Slack : 0.133
TNS   : 0.000

Type  : Fast 1100mV 85C Model Minimum Pulse Width 'clk_div:inst25|clock_10Hz_int'
Slack : 0.146
TNS   : 0.000

Type  : Fast 1100mV 85C Model Minimum Pulse Width 'clk_div:inst25|clock_1Khz_int'
Slack : 0.146
TNS   : 0.000

Type  : Fast 1100mV 85C Model Minimum Pulse Width 'clk_div:inst25|clock_100Khz_int'
Slack : 0.150
TNS   : 0.000

Type  : Fast 1100mV 85C Model Minimum Pulse Width 'clk_div:inst25|clock_100KHz'
Slack : 0.151
TNS   : 0.000

Type  : Fast 1100mV 0C Model Setup 'SW[8]'
Slack : -38.646
TNS   : -11737.107

Type  : Fast 1100mV 0C Model Setup 'lpm_dff1:inst1|lpm_ff:lpm_ff_component|dffs[0]'
Slack : -8.792
TNS   : -459.663

Type  : Fast 1100mV 0C Model Setup 'CLOCK_50'
Slack : -4.180
TNS   : -3797.597

Type  : Fast 1100mV 0C Model Setup 'dec_keyboard:inst11|f3'
Slack : -4.017
TNS   : -36.929

Type  : Fast 1100mV 0C Model Setup 'PS2_CLK'
Slack : -2.110
TNS   : -7.045

Type  : Fast 1100mV 0C Model Setup 'clk_div:inst25|clock_10Hz_int'
Slack : -0.305
TNS   : -1.125

Type  : Fast 1100mV 0C Model Setup 'clk_div:inst25|clock_100hz_int'
Slack : -0.292
TNS   : -1.168

Type  : Fast 1100mV 0C Model Setup 'clk_div:inst25|clock_1KHz'
Slack : -0.271
TNS   : -0.509

Type  : Fast 1100mV 0C Model Setup 'clk_div:inst25|clock_1Mhz_int'
Slack : -0.248
TNS   : -1.484

Type  : Fast 1100mV 0C Model Setup 'clk_div:inst25|clock_10Khz_int'
Slack : -0.240
TNS   : -0.814

Type  : Fast 1100mV 0C Model Setup 'clk_div:inst25|clock_100Khz_int'
Slack : -0.220
TNS   : -0.809

Type  : Fast 1100mV 0C Model Setup 'clk_div:inst25|clock_1Khz_int'
Slack : -0.206
TNS   : -0.807

Type  : Fast 1100mV 0C Model Setup 'clk_div:inst25|clock_100KHz'
Slack : 0.016
TNS   : 0.000

Type  : Fast 1100mV 0C Model Hold 'SW[8]'
Slack : -2.694
TNS   : -150.547

Type  : Fast 1100mV 0C Model Hold 'lpm_dff1:inst1|lpm_ff:lpm_ff_component|dffs[0]'
Slack : -2.078
TNS   : -21.484

Type  : Fast 1100mV 0C Model Hold 'CLOCK_50'
Slack : -1.325
TNS   : -413.351

Type  : Fast 1100mV 0C Model Hold 'PS2_CLK'
Slack : -0.821
TNS   : -0.821

Type  : Fast 1100mV 0C Model Hold 'clk_div:inst25|clock_10Khz_int'
Slack : -0.489
TNS   : -0.489

Type  : Fast 1100mV 0C Model Hold 'clk_div:inst25|clock_1Mhz_int'
Slack : -0.489
TNS   : -0.489

Type  : Fast 1100mV 0C Model Hold 'clk_div:inst25|clock_100Khz_int'
Slack : -0.442
TNS   : -0.442

Type  : Fast 1100mV 0C Model Hold 'clk_div:inst25|clock_100hz_int'
Slack : -0.404
TNS   : -0.404

Type  : Fast 1100mV 0C Model Hold 'clk_div:inst25|clock_1Khz_int'
Slack : -0.398
TNS   : -0.398

Type  : Fast 1100mV 0C Model Hold 'clk_div:inst25|clock_1KHz'
Slack : -0.077
TNS   : -0.209

Type  : Fast 1100mV 0C Model Hold 'clk_div:inst25|clock_100KHz'
Slack : 0.060
TNS   : 0.000

Type  : Fast 1100mV 0C Model Hold 'dec_keyboard:inst11|f3'
Slack : 0.104
TNS   : 0.000

Type  : Fast 1100mV 0C Model Hold 'clk_div:inst25|clock_10Hz_int'
Slack : 0.230
TNS   : 0.000

Type  : Fast 1100mV 0C Model Recovery 'keyboard:inst14|ready_set'
Slack : -0.334
TNS   : -0.334

Type  : Fast 1100mV 0C Model Recovery 'keyboard:inst14|scan_ready'
Slack : 0.259
TNS   : 0.000

Type  : Fast 1100mV 0C Model Removal 'keyboard:inst14|scan_ready'
Slack : -0.456
TNS   : -0.456

Type  : Fast 1100mV 0C Model Removal 'keyboard:inst14|ready_set'
Slack : -0.315
TNS   : -0.315

Type  : Fast 1100mV 0C Model Minimum Pulse Width 'CLOCK_50'
Slack : -2.174
TNS   : -5957.958

Type  : Fast 1100mV 0C Model Minimum Pulse Width 'SW[8]'
Slack : -0.881
TNS   : -997.477

Type  : Fast 1100mV 0C Model Minimum Pulse Width 'PS2_CLK'
Slack : -0.684
TNS   : -17.289

Type  : Fast 1100mV 0C Model Minimum Pulse Width 'lpm_dff1:inst1|lpm_ff:lpm_ff_component|dffs[0]'
Slack : -0.137
TNS   : -0.239

Type  : Fast 1100mV 0C Model Minimum Pulse Width 'dec_keyboard:inst11|f3'
Slack : -0.061
TNS   : -0.359

Type  : Fast 1100mV 0C Model Minimum Pulse Width 'keyboard:inst14|scan_ready'
Slack : 0.006
TNS   : 0.000

Type  : Fast 1100mV 0C Model Minimum Pulse Width 'clk_div:inst25|clock_1Mhz_int'
Slack : 0.049
TNS   : 0.000

Type  : Fast 1100mV 0C Model Minimum Pulse Width 'clk_div:inst25|clock_1KHz'
Slack : 0.115
TNS   : 0.000

Type  : Fast 1100mV 0C Model Minimum Pulse Width 'clk_div:inst25|clock_10Khz_int'
Slack : 0.128
TNS   : 0.000

Type  : Fast 1100mV 0C Model Minimum Pulse Width 'keyboard:inst14|ready_set'
Slack : 0.136
TNS   : 0.000

Type  : Fast 1100mV 0C Model Minimum Pulse Width 'clk_div:inst25|clock_10Hz_int'
Slack : 0.139
TNS   : 0.000

Type  : Fast 1100mV 0C Model Minimum Pulse Width 'clk_div:inst25|clock_1Khz_int'
Slack : 0.143
TNS   : 0.000

Type  : Fast 1100mV 0C Model Minimum Pulse Width 'clk_div:inst25|clock_100hz_int'
Slack : 0.144
TNS   : 0.000

Type  : Fast 1100mV 0C Model Minimum Pulse Width 'clk_div:inst25|clock_100Khz_int'
Slack : 0.146
TNS   : 0.000

Type  : Fast 1100mV 0C Model Minimum Pulse Width 'clk_div:inst25|clock_100KHz'
Slack : 0.147
TNS   : 0.000

------------------------------------------------------------
